Command line invocation:
    /Applications/Xcode_16.4.app/Contents/Developer/usr/bin/xcodebuild -project PitWall.xcodeproj -scheme PitWall -configuration Release -sdk iphoneos -destination generic/platform=iOS -derivedDataPath build CODE_SIGNING_ALLOWED=NO CODE_SIGNING_REQUIRED=NO CODE_SIGN_IDENTITY= build

Build settings from command line:
    CODE_SIGN_IDENTITY = 
    CODE_SIGNING_ALLOWED = NO
    CODE_SIGNING_REQUIRED = NO
    SDKROOT = iphoneos18.5

note: Using codesigning identity override: 
ComputePackagePrebuildTargetDependencyGraph

Prepare packages

CreateBuildRequest

SendProjectDescription

CreateBuildOperation

ComputeTargetDependencyGraph
note: Building targets in dependency order
note: Target dependency graph (2 targets)
    Target 'PitWall' in project 'PitWall'
        ➜ Explicit dependency on target 'PitlaneWidget' in project 'PitWall'
    Target 'PitlaneWidget' in project 'PitWall' (no dependencies)

GatherProvisioningInputs

CreateBuildDescription

ExecuteExternalTool /Applications/Xcode_16.4.app/Contents/Developer/Toolchains/XcodeDefault.xctoolchain/usr/bin/swiftc --version

ExecuteExternalTool /Applications/Xcode_16.4.app/Contents/Developer/usr/bin/actool --print-asset-tag-combinations --output-format xml1 /Users/runner/work/Pitwall-test/Pitwall-test/ios/PitWall/Assets.xcassets

ExecuteExternalTool /Applications/Xcode_16.4.app/Contents/Developer/Toolchains/XcodeDefault.xctoolchain/usr/bin/clang -v -E -dM -isysroot /Applications/Xcode_16.4.app/Contents/Developer/Platforms/iPhoneOS.platform/Developer/SDKs/iPhoneOS18.5.sdk -x c -c /dev/null

ExecuteExternalTool /Applications/Xcode_16.4.app/Contents/Developer/Toolchains/XcodeDefault.xctoolchain/usr/bin/ld -version_details

ExecuteExternalTool /Applications/Xcode_16.4.app/Contents/Developer/usr/bin/actool --version --output-format xml1

Build description signature: 3a64759c8755336e90a65e6f43a0281b
Build description path: /Users/runner/work/Pitwall-test/Pitwall-test/ios/build/Build/Intermediates.noindex/XCBuildData/3a64759c8755336e90a65e6f43a0281b.xcbuilddata
CreateBuildDirectory /Users/runner/work/Pitwall-test/Pitwall-test/ios/build/Build/Intermediates.noindex
    cd /Users/runner/work/Pitwall-test/Pitwall-test/ios/PitWall.xcodeproj
    builtin-create-build-directory /Users/runner/work/Pitwall-test/Pitwall-test/ios/build/Build/Intermediates.noindex

CreateBuildDirectory /Users/runner/work/Pitwall-test/Pitwall-test/ios/build/Build/Products
    cd /Users/runner/work/Pitwall-test/Pitwall-test/ios/PitWall.xcodeproj
    builtin-create-build-directory /Users/runner/work/Pitwall-test/Pitwall-test/ios/build/Build/Products

ClangStatCache /Applications/Xcode_16.4.app/Contents/Developer/Toolchains/XcodeDefault.xctoolchain/usr/bin/clang-stat-cache /Applications/Xcode_16.4.app/Contents/Developer/Platforms/iPhoneOS.platform/Developer/SDKs/iPhoneOS18.5.sdk /Users/runner/work/Pitwall-test/Pitwall-test/ios/build/SDKStatCaches.noindex/iphoneos18.5-22F76-a529daf784b3616c7c04a36aeb7f5c05.sdkstatcache
    cd /Users/runner/work/Pitwall-test/Pitwall-test/ios/PitWall.xcodeproj
    /Applications/Xcode_16.4.app/Contents/Developer/Toolchains/XcodeDefault.xctoolchain/usr/bin/clang-stat-cache /Applications/Xcode_16.4.app/Contents/Developer/Platforms/iPhoneOS.platform/Developer/SDKs/iPhoneOS18.5.sdk -o /Users/runner/work/Pitwall-test/Pitwall-test/ios/build/SDKStatCaches.noindex/iphoneos18.5-22F76-a529daf784b3616c7c04a36aeb7f5c05.sdkstatcache

WriteAuxiliaryFile /Users/runner/work/Pitwall-test/Pitwall-test/ios/build/Build/Intermediates.noindex/PitWall.build/Release-iphoneos/PitWall-faa25a2ba617c4d2b3046760bd5ebca9-VFS-iphoneos/all-product-headers.yaml
    cd /Users/runner/work/Pitwall-test/Pitwall-test/ios/PitWall.xcodeproj
    write-file /Users/runner/work/Pitwall-test/Pitwall-test/ios/build/Build/Intermediates.noindex/PitWall.build/Release-iphoneos/PitWall-faa25a2ba617c4d2b3046760bd5ebca9-VFS-iphoneos/all-product-headers.yaml

CreateBuildDirectory /Users/runner/work/Pitwall-test/Pitwall-test/ios/build/Build/Products/Release-iphoneos
    cd /Users/runner/work/Pitwall-test/Pitwall-test/ios/PitWall.xcodeproj
    builtin-create-build-directory /Users/runner/work/Pitwall-test/Pitwall-test/ios/build/Build/Products/Release-iphoneos

CreateBuildDirectory /Users/runner/work/Pitwall-test/Pitwall-test/ios/build/Build/Intermediates.noindex/EagerLinkingTBDs/Release-iphoneos
    cd /Users/runner/work/Pitwall-test/Pitwall-test/ios/PitWall.xcodeproj
    builtin-create-build-directory /Users/runner/work/Pitwall-test/Pitwall-test/ios/build/Build/Intermediates.noindex/EagerLinkingTBDs/Release-iphoneos

WriteAuxiliaryFile /Users/runner/work/Pitwall-test/Pitwall-test/ios/build/Build/Intermediates.noindex/PitWall.build/Release-iphoneos/PitlaneWidget.build/PitlaneWidget.hmap (in target 'PitlaneWidget' from project 'PitWall')
    cd /Users/runner/work/Pitwall-test/Pitwall-test/ios
    write-file /Users/runner/work/Pitwall-test/Pitwall-test/ios/build/Build/Intermediates.noindex/PitWall.build/Release-iphoneos/PitlaneWidget.build/PitlaneWidget.hmap

WriteAuxiliaryFile /Users/runner/work/Pitwall-test/Pitwall-test/ios/build/Build/Intermediates.noindex/PitWall.build/Release-iphoneos/PitlaneWidget.build/PitlaneWidget.DependencyStaticMetadataFileList (in target 'PitlaneWidget' from project 'PitWall')
    cd /Users/runner/work/Pitwall-test/Pitwall-test/ios
    write-file /Users/runner/work/Pitwall-test/Pitwall-test/ios/build/Build/Intermediates.noindex/PitWall.build/Release-iphoneos/PitlaneWidget.build/PitlaneWidget.DependencyStaticMetadataFileList

WriteAuxiliaryFile /Users/runner/work/Pitwall-test/Pitwall-test/ios/build/Build/Intermediates.noindex/PitWall.build/Release-iphoneos/PitlaneWidget.build/PitlaneWidget.DependencyMetadataFileList (in target 'PitlaneWidget' from project 'PitWall')
    cd /Users/runner/work/Pitwall-test/Pitwall-test/ios
    write-file /Users/runner/work/Pitwall-test/Pitwall-test/ios/build/Build/Intermediates.noindex/PitWall.build/Release-iphoneos/PitlaneWidget.build/PitlaneWidget.DependencyMetadataFileList

WriteAuxiliaryFile /Users/runner/work/Pitwall-test/Pitwall-test/ios/build/Build/Intermediates.noindex/PitWall.build/Release-iphoneos/PitlaneWidget.build/PitlaneWidget-project-headers.hmap (in target 'PitlaneWidget' from project 'PitWall')
    cd /Users/runner/work/Pitwall-test/Pitwall-test/ios
    write-file /Users/runner/work/Pitwall-test/Pitwall-test/ios/build/Build/Intermediates.noindex/PitWall.build/Release-iphoneos/PitlaneWidget.build/PitlaneWidget-project-headers.hmap

WriteAuxiliaryFile /Users/runner/work/Pitwall-test/Pitwall-test/ios/build/Build/Intermediates.noindex/PitWall.build/Release-iphoneos/PitlaneWidget.build/PitlaneWidget-own-target-headers.hmap (in target 'PitlaneWidget' from project 'PitWall')
    cd /Users/runner/work/Pitwall-test/Pitwall-test/ios
    write-file /Users/runner/work/Pitwall-test/Pitwall-test/ios/build/Build/Intermediates.noindex/PitWall.build/Release-iphoneos/PitlaneWidget.build/PitlaneWidget-own-target-headers.hmap

WriteAuxiliaryFile /Users/runner/work/Pitwall-test/Pitwall-test/ios/build/Build/Intermediates.noindex/PitWall.build/Release-iphoneos/PitlaneWidget.build/PitlaneWidget-generated-files.hmap (in target 'PitlaneWidget' from project 'PitWall')
    cd /Users/runner/work/Pitwall-test/Pitwall-test/ios
    write-file /Users/runner/work/Pitwall-test/Pitwall-test/ios/build/Build/Intermediates.noindex/PitWall.build/Release-iphoneos/PitlaneWidget.build/PitlaneWidget-generated-files.hmap

WriteAuxiliaryFile /Users/runner/work/Pitwall-test/Pitwall-test/ios/build/Build/Intermediates.noindex/PitWall.build/Release-iphoneos/PitlaneWidget.build/PitlaneWidget-all-target-headers.hmap (in target 'PitlaneWidget' from project 'PitWall')
    cd /Users/runner/work/Pitwall-test/Pitwall-test/ios
    write-file /Users/runner/work/Pitwall-test/Pitwall-test/ios/build/Build/Intermediates.noindex/PitWall.build/Release-iphoneos/PitlaneWidget.build/PitlaneWidget-all-target-headers.hmap

WriteAuxiliaryFile /Users/runner/work/Pitwall-test/Pitwall-test/ios/build/Build/Intermediates.noindex/PitWall.build/Release-iphoneos/PitlaneWidget.build/PitlaneWidget-all-non-framework-target-headers.hmap (in target 'PitlaneWidget' from project 'PitWall')
    cd /Users/runner/work/Pitwall-test/Pitwall-test/ios
    write-file /Users/runner/work/Pitwall-test/Pitwall-test/ios/build/Build/Intermediates.noindex/PitWall.build/Release-iphoneos/PitlaneWidget.build/PitlaneWidget-all-non-framework-target-headers.hmap

WriteAuxiliaryFile /Users/runner/work/Pitwall-test/Pitwall-test/ios/build/Build/Intermediates.noindex/PitWall.build/Release-iphoneos/PitlaneWidget.build/Objects-normal/arm64/PitlaneWidget_const_extract_protocols.json (in target 'PitlaneWidget' from project 'PitWall')
    cd /Users/runner/work/Pitwall-test/Pitwall-test/ios
    write-file /Users/runner/work/Pitwall-test/Pitwall-test/ios/build/Build/Intermediates.noindex/PitWall.build/Release-iphoneos/PitlaneWidget.build/Objects-normal/arm64/PitlaneWidget_const_extract_protocols.json

WriteAuxiliaryFile /Users/runner/work/Pitwall-test/Pitwall-test/ios/build/Build/Intermediates.noindex/PitWall.build/Release-iphoneos/PitlaneWidget.build/Objects-normal/arm64/PitlaneWidget.SwiftFileList (in target 'PitlaneWidget' from project 'PitWall')
    cd /Users/runner/work/Pitwall-test/Pitwall-test/ios
    write-file /Users/runner/work/Pitwall-test/Pitwall-test/ios/build/Build/Intermediates.noindex/PitWall.build/Release-iphoneos/PitlaneWidget.build/Objects-normal/arm64/PitlaneWidget.SwiftFileList

WriteAuxiliaryFile /Users/runner/work/Pitwall-test/Pitwall-test/ios/build/Build/Intermediates.noindex/PitWall.build/Release-iphoneos/PitlaneWidget.build/Objects-normal/arm64/PitlaneWidget.SwiftConstValuesFileList (in target 'PitlaneWidget' from project 'PitWall')
    cd /Users/runner/work/Pitwall-test/Pitwall-test/ios
    write-file /Users/runner/work/Pitwall-test/Pitwall-test/ios/build/Build/Intermediates.noindex/PitWall.build/Release-iphoneos/PitlaneWidget.build/Objects-normal/arm64/PitlaneWidget.SwiftConstValuesFileList

WriteAuxiliaryFile /Users/runner/work/Pitwall-test/Pitwall-test/ios/build/Build/Intermediates.noindex/PitWall.build/Release-iphoneos/PitlaneWidget.build/Objects-normal/arm64/PitlaneWidget.LinkFileList (in target 'PitlaneWidget' from project 'PitWall')
    cd /Users/runner/work/Pitwall-test/Pitwall-test/ios
    write-file /Users/runner/work/Pitwall-test/Pitwall-test/ios/build/Build/Intermediates.noindex/PitWall.build/Release-iphoneos/PitlaneWidget.build/Objects-normal/arm64/PitlaneWidget.LinkFileList

WriteAuxiliaryFile /Users/runner/work/Pitwall-test/Pitwall-test/ios/build/Build/Intermediates.noindex/PitWall.build/Release-iphoneos/PitlaneWidget.build/Objects-normal/arm64/PitlaneWidget-OutputFileMap.json (in target 'PitlaneWidget' from project 'PitWall')
    cd /Users/runner/work/Pitwall-test/Pitwall-test/ios
    write-file /Users/runner/work/Pitwall-test/Pitwall-test/ios/build/Build/Intermediates.noindex/PitWall.build/Release-iphoneos/PitlaneWidget.build/Objects-normal/arm64/PitlaneWidget-OutputFileMap.json

WriteAuxiliaryFile /Users/runner/work/Pitwall-test/Pitwall-test/ios/build/Build/Intermediates.noindex/PitWall.build/Release-iphoneos/PitWall.build/PitWall.hmap (in target 'PitWall' from project 'PitWall')
    cd /Users/runner/work/Pitwall-test/Pitwall-test/ios
    write-file /Users/runner/work/Pitwall-test/Pitwall-test/ios/build/Build/Intermediates.noindex/PitWall.build/Release-iphoneos/PitWall.build/PitWall.hmap

WriteAuxiliaryFile /Users/runner/work/Pitwall-test/Pitwall-test/ios/build/Build/Intermediates.noindex/PitWall.build/Release-iphoneos/PitWall.build/PitWall.DependencyStaticMetadataFileList (in target 'PitWall' from project 'PitWall')
    cd /Users/runner/work/Pitwall-test/Pitwall-test/ios
    write-file /Users/runner/work/Pitwall-test/Pitwall-test/ios/build/Build/Intermediates.noindex/PitWall.build/Release-iphoneos/PitWall.build/PitWall.DependencyStaticMetadataFileList

WriteAuxiliaryFile /Users/runner/work/Pitwall-test/Pitwall-test/ios/build/Build/Intermediates.noindex/PitWall.build/Release-iphoneos/PitWall.build/PitWall.DependencyMetadataFileList (in target 'PitWall' from project 'PitWall')
    cd /Users/runner/work/Pitwall-test/Pitwall-test/ios
    write-file /Users/runner/work/Pitwall-test/Pitwall-test/ios/build/Build/Intermediates.noindex/PitWall.build/Release-iphoneos/PitWall.build/PitWall.DependencyMetadataFileList

WriteAuxiliaryFile /Users/runner/work/Pitwall-test/Pitwall-test/ios/build/Build/Intermediates.noindex/PitWall.build/Release-iphoneos/PitWall.build/PitWall-project-headers.hmap (in target 'PitWall' from project 'PitWall')
    cd /Users/runner/work/Pitwall-test/Pitwall-test/ios
    write-file /Users/runner/work/Pitwall-test/Pitwall-test/ios/build/Build/Intermediates.noindex/PitWall.build/Release-iphoneos/PitWall.build/PitWall-project-headers.hmap

WriteAuxiliaryFile /Users/runner/work/Pitwall-test/Pitwall-test/ios/build/Build/Intermediates.noindex/PitWall.build/Release-iphoneos/PitWall.build/PitWall-own-target-headers.hmap (in target 'PitWall' from project 'PitWall')
    cd /Users/runner/work/Pitwall-test/Pitwall-test/ios
    write-file /Users/runner/work/Pitwall-test/Pitwall-test/ios/build/Build/Intermediates.noindex/PitWall.build/Release-iphoneos/PitWall.build/PitWall-own-target-headers.hmap

WriteAuxiliaryFile /Users/runner/work/Pitwall-test/Pitwall-test/ios/build/Build/Intermediates.noindex/PitWall.build/Release-iphoneos/PitWall.build/PitWall-generated-files.hmap (in target 'PitWall' from project 'PitWall')
    cd /Users/runner/work/Pitwall-test/Pitwall-test/ios
    write-file /Users/runner/work/Pitwall-test/Pitwall-test/ios/build/Build/Intermediates.noindex/PitWall.build/Release-iphoneos/PitWall.build/PitWall-generated-files.hmap

WriteAuxiliaryFile /Users/runner/work/Pitwall-test/Pitwall-test/ios/build/Build/Intermediates.noindex/PitWall.build/Release-iphoneos/PitWall.build/PitWall-all-target-headers.hmap (in target 'PitWall' from project 'PitWall')
    cd /Users/runner/work/Pitwall-test/Pitwall-test/ios
    write-file /Users/runner/work/Pitwall-test/Pitwall-test/ios/build/Build/Intermediates.noindex/PitWall.build/Release-iphoneos/PitWall.build/PitWall-all-target-headers.hmap

WriteAuxiliaryFile /Users/runner/work/Pitwall-test/Pitwall-test/ios/build/Build/Intermediates.noindex/PitWall.build/Release-iphoneos/PitWall.build/PitWall-all-non-framework-target-headers.hmap (in target 'PitWall' from project 'PitWall')
    cd /Users/runner/work/Pitwall-test/Pitwall-test/ios
    write-file /Users/runner/work/Pitwall-test/Pitwall-test/ios/build/Build/Intermediates.noindex/PitWall.build/Release-iphoneos/PitWall.build/PitWall-all-non-framework-target-headers.hmap

WriteAuxiliaryFile /Users/runner/work/Pitwall-test/Pitwall-test/ios/build/Build/Intermediates.noindex/PitWall.build/Release-iphoneos/PitWall.build/Objects-normal/arm64/PitWall_const_extract_protocols.json (in target 'PitWall' from project 'PitWall')
    cd /Users/runner/work/Pitwall-test/Pitwall-test/ios
    write-file /Users/runner/work/Pitwall-test/Pitwall-test/ios/build/Build/Intermediates.noindex/PitWall.build/Release-iphoneos/PitWall.build/Objects-normal/arm64/PitWall_const_extract_protocols.json

WriteAuxiliaryFile /Users/runner/work/Pitwall-test/Pitwall-test/ios/build/Build/Intermediates.noindex/PitWall.build/Release-iphoneos/PitWall.build/Objects-normal/arm64/PitWall.SwiftFileList (in target 'PitWall' from project 'PitWall')
    cd /Users/runner/work/Pitwall-test/Pitwall-test/ios
    write-file /Users/runner/work/Pitwall-test/Pitwall-test/ios/build/Build/Intermediates.noindex/PitWall.build/Release-iphoneos/PitWall.build/Objects-normal/arm64/PitWall.SwiftFileList

WriteAuxiliaryFile /Users/runner/work/Pitwall-test/Pitwall-test/ios/build/Build/Intermediates.noindex/PitWall.build/Release-iphoneos/PitWall.build/Objects-normal/arm64/PitWall.SwiftConstValuesFileList (in target 'PitWall' from project 'PitWall')
    cd /Users/runner/work/Pitwall-test/Pitwall-test/ios
    write-file /Users/runner/work/Pitwall-test/Pitwall-test/ios/build/Build/Intermediates.noindex/PitWall.build/Release-iphoneos/PitWall.build/Objects-normal/arm64/PitWall.SwiftConstValuesFileList

WriteAuxiliaryFile /Users/runner/work/Pitwall-test/Pitwall-test/ios/build/Build/Intermediates.noindex/PitWall.build/Release-iphoneos/PitWall.build/Objects-normal/arm64/PitWall.LinkFileList (in target 'PitWall' from project 'PitWall')
    cd /Users/runner/work/Pitwall-test/Pitwall-test/ios
    write-file /Users/runner/work/Pitwall-test/Pitwall-test/ios/build/Build/Intermediates.noindex/PitWall.build/Release-iphoneos/PitWall.build/Objects-normal/arm64/PitWall.LinkFileList

WriteAuxiliaryFile /Users/runner/work/Pitwall-test/Pitwall-test/ios/build/Build/Intermediates.noindex/PitWall.build/Release-iphoneos/PitWall.build/Objects-normal/arm64/PitWall-OutputFileMap.json (in target 'PitWall' from project 'PitWall')
    cd /Users/runner/work/Pitwall-test/Pitwall-test/ios
    write-file /Users/runner/work/Pitwall-test/Pitwall-test/ios/build/Build/Intermediates.noindex/PitWall.build/Release-iphoneos/PitWall.build/Objects-normal/arm64/PitWall-OutputFileMap.json

MkDir /Users/runner/work/Pitwall-test/Pitwall-test/ios/build/Build/Products/Release-iphoneos/PitlaneWidget.appex (in target 'PitlaneWidget' from project 'PitWall')
    cd /Users/runner/work/Pitwall-test/Pitwall-test/ios
    /bin/mkdir -p /Users/runner/work/Pitwall-test/Pitwall-test/ios/build/Build/Products/Release-iphoneos/PitlaneWidget.appex

MkDir /Users/runner/work/Pitwall-test/Pitwall-test/ios/build/Build/Products/Release-iphoneos/PitWall.app/PlugIns (in target 'PitWall' from project 'PitWall')
    cd /Users/runner/work/Pitwall-test/Pitwall-test/ios
    /bin/mkdir -p /Users/runner/work/Pitwall-test/Pitwall-test/ios/build/Build/Products/Release-iphoneos/PitWall.app/PlugIns

MkDir /Users/runner/work/Pitwall-test/Pitwall-test/ios/build/Build/Products/Release-iphoneos/PitWall.app (in target 'PitWall' from project 'PitWall')
    cd /Users/runner/work/Pitwall-test/Pitwall-test/ios
    /bin/mkdir -p /Users/runner/work/Pitwall-test/Pitwall-test/ios/build/Build/Products/Release-iphoneos/PitWall.app

ProcessInfoPlistFile /Users/runner/work/Pitwall-test/Pitwall-test/ios/build/Build/Products/Release-iphoneos/PitlaneWidget.appex/Info.plist /Users/runner/work/Pitwall-test/Pitwall-test/ios/PitlaneWidget/Info.plist (in target 'PitlaneWidget' from project 'PitWall')
    cd /Users/runner/work/Pitwall-test/Pitwall-test/ios
    builtin-infoPlistUtility /Users/runner/work/Pitwall-test/Pitwall-test/ios/PitlaneWidget/Info.plist -producttype com.apple.product-type.app-extension -expandbuildsettings -format binary -platform iphoneos -requiredArchitecture arm64 -o /Users/runner/work/Pitwall-test/Pitwall-test/ios/build/Build/Products/Release-iphoneos/PitlaneWidget.appex/Info.plist

SwiftDriver PitlaneWidget normal arm64 com.apple.xcode.tools.swift.compiler (in target 'PitlaneWidget' from project 'PitWall')
    cd /Users/runner/work/Pitwall-test/Pitwall-test/ios
    builtin-SwiftDriver -- /Applications/Xcode_16.4.app/Contents/Developer/Toolchains/XcodeDefault.xctoolchain/usr/bin/swiftc -module-name PitlaneWidget -O -whole-module-optimization -enforce-exclusivity\=checked @/Users/runner/work/Pitwall-test/Pitwall-test/ios/build/Build/Intermediates.noindex/PitWall.build/Release-iphoneos/PitlaneWidget.build/Objects-normal/arm64/PitlaneWidget.SwiftFileList -enable-bare-slash-regex -enable-experimental-feature DebugDescriptionMacro -sdk /Applications/Xcode_16.4.app/Contents/Developer/Platforms/iPhoneOS.platform/Developer/SDKs/iPhoneOS18.5.sdk -target arm64-apple-ios15.0 -g -module-cache-path /Users/runner/work/Pitwall-test/Pitwall-test/ios/build/ModuleCache.noindex -Xfrontend -serialize-debugging-options -application-extension -swift-version 5 -I /Users/runner/work/Pitwall-test/Pitwall-test/ios/build/Build/Products/Release-iphoneos -F /Users/runner/work/Pitwall-test/Pitwall-test/ios/build/Build/Products/Release-iphoneos -c -num-threads 3 -Xcc -ivfsstatcache -Xcc /Users/runner/work/Pitwall-test/Pitwall-test/ios/build/SDKStatCaches.noindex/iphoneos18.5-22F76-a529daf784b3616c7c04a36aeb7f5c05.sdkstatcache -output-file-map /Users/runner/work/Pitwall-test/Pitwall-test/ios/build/Build/Intermediates.noindex/PitWall.build/Release-iphoneos/PitlaneWidget.build/Objects-normal/arm64/PitlaneWidget-OutputFileMap.json -use-frontend-parseable-output -save-temps -no-color-diagnostics -serialize-diagnostics -emit-dependencies -emit-module -emit-module-path /Users/runner/work/Pitwall-test/Pitwall-test/ios/build/Build/Intermediates.noindex/PitWall.build/Release-iphoneos/PitlaneWidget.build/Objects-normal/arm64/PitlaneWidget.swiftmodule -validate-clang-modules-once -clang-build-session-file /Users/runner/work/Pitwall-test/Pitwall-test/ios/build/ModuleCache.noindex/Session.modulevalidation -Xcc -I/Users/runner/work/Pitwall-test/Pitwall-test/ios/build/Build/Intermediates.noindex/PitWall.build/Release-iphoneos/PitlaneWidget.build/swift-overrides.hmap -emit-const-values -Xfrontend -const-gather-protocols-file -Xfrontend /Users/runner/work/Pitwall-test/Pitwall-test/ios/build/Build/Intermediates.noindex/PitWall.build/Release-iphoneos/PitlaneWidget.build/Objects-normal/arm64/PitlaneWidget_const_extract_protocols.json -Xcc -iquote -Xcc /Users/runner/work/Pitwall-test/Pitwall-test/ios/build/Build/Intermediates.noindex/PitWall.build/Release-iphoneos/PitlaneWidget.build/PitlaneWidget-generated-files.hmap -Xcc -I/Users/runner/work/Pitwall-test/Pitwall-test/ios/build/Build/Intermediates.noindex/PitWall.build/Release-iphoneos/PitlaneWidget.build/PitlaneWidget-own-target-headers.hmap -Xcc -I/Users/runner/work/Pitwall-test/Pitwall-test/ios/build/Build/Intermediates.noindex/PitWall.build/Release-iphoneos/PitlaneWidget.build/PitlaneWidget-all-target-headers.hmap -Xcc -iquote -Xcc /Users/runner/work/Pitwall-test/Pitwall-test/ios/build/Build/Intermediates.noindex/PitWall.build/Release-iphoneos/PitlaneWidget.build/PitlaneWidget-project-headers.hmap -Xcc -I/Users/runner/work/Pitwall-test/Pitwall-test/ios/build/Build/Products/Release-iphoneos/include -Xcc -I/Users/runner/work/Pitwall-test/Pitwall-test/ios/build/Build/Intermediates.noindex/PitWall.build/Release-iphoneos/PitlaneWidget.build/DerivedSources-normal/arm64 -Xcc -I/Users/runner/work/Pitwall-test/Pitwall-test/ios/build/Build/Intermediates.noindex/PitWall.build/Release-iphoneos/PitlaneWidget.build/DerivedSources/arm64 -Xcc -I/Users/runner/work/Pitwall-test/Pitwall-test/ios/build/Build/Intermediates.noindex/PitWall.build/Release-iphoneos/PitlaneWidget.build/DerivedSources -emit-objc-header -emit-objc-header-path /Users/runner/work/Pitwall-test/Pitwall-test/ios/build/Build/Intermediates.noindex/PitWall.build/Release-iphoneos/PitlaneWidget.build/Objects-normal/arm64/PitlaneWidget-Swift.h -working-directory /Users/runner/work/Pitwall-test/Pitwall-test/ios -no-emit-module-separately-wmo

SwiftCompile normal arm64 Compiling\ PitlaneWidget.swift,\ SharedRaces.swift /Users/runner/work/Pitwall-test/Pitwall-test/ios/PitlaneWidget/PitlaneWidget.swift /Users/runner/work/Pitwall-test/Pitwall-test/ios/Shared/SharedRaces.swift (in target 'PitlaneWidget' from project 'PitWall')

CompileSwift normal arm64 (in target 'PitlaneWidget' from project 'PitWall')
    cd /Users/runner/work/Pitwall-test/Pitwall-test/ios
    

SwiftDriver\ Compilation PitlaneWidget normal arm64 com.apple.xcode.tools.swift.compiler (in target 'PitlaneWidget' from project 'PitWall')
    cd /Users/runner/work/Pitwall-test/Pitwall-test/ios
    builtin-Swift-Compilation -- /Applications/Xcode_16.4.app/Contents/Developer/Toolchains/XcodeDefault.xctoolchain/usr/bin/swiftc -module-name PitlaneWidget -O -whole-module-optimization -enforce-exclusivity\=checked @/Users/runner/work/Pitwall-test/Pitwall-test/ios/build/Build/Intermediates.noindex/PitWall.build/Release-iphoneos/PitlaneWidget.build/Objects-normal/arm64/PitlaneWidget.SwiftFileList -enable-bare-slash-regex -enable-experimental-feature DebugDescriptionMacro -sdk /Applications/Xcode_16.4.app/Contents/Developer/Platforms/iPhoneOS.platform/Developer/SDKs/iPhoneOS18.5.sdk -target arm64-apple-ios15.0 -g -module-cache-path /Users/runner/work/Pitwall-test/Pitwall-test/ios/build/ModuleCache.noindex -Xfrontend -serialize-debugging-options -application-extension -swift-version 5 -I /Users/runner/work/Pitwall-test/Pitwall-test/ios/build/Build/Products/Release-iphoneos -F /Users/runner/work/Pitwall-test/Pitwall-test/ios/build/Build/Products/Release-iphoneos -c -num-threads 3 -Xcc -ivfsstatcache -Xcc /Users/runner/work/Pitwall-test/Pitwall-test/ios/build/SDKStatCaches.noindex/iphoneos18.5-22F76-a529daf784b3616c7c04a36aeb7f5c05.sdkstatcache -output-file-map /Users/runner/work/Pitwall-test/Pitwall-test/ios/build/Build/Intermediates.noindex/PitWall.build/Release-iphoneos/PitlaneWidget.build/Objects-normal/arm64/PitlaneWidget-OutputFileMap.json -use-frontend-parseable-output -save-temps -no-color-diagnostics -serialize-diagnostics -emit-dependencies -emit-module -emit-module-path /Users/runner/work/Pitwall-test/Pitwall-test/ios/build/Build/Intermediates.noindex/PitWall.build/Release-iphoneos/PitlaneWidget.build/Objects-normal/arm64/PitlaneWidget.swiftmodule -validate-clang-modules-once -clang-build-session-file /Users/runner/work/Pitwall-test/Pitwall-test/ios/build/ModuleCache.noindex/Session.modulevalidation -Xcc -I/Users/runner/work/Pitwall-test/Pitwall-test/ios/build/Build/Intermediates.noindex/PitWall.build/Release-iphoneos/PitlaneWidget.build/swift-overrides.hmap -emit-const-values -Xfrontend -const-gather-protocols-file -Xfrontend /Users/runner/work/Pitwall-test/Pitwall-test/ios/build/Build/Intermediates.noindex/PitWall.build/Release-iphoneos/PitlaneWidget.build/Objects-normal/arm64/PitlaneWidget_const_extract_protocols.json -Xcc -iquote -Xcc /Users/runner/work/Pitwall-test/Pitwall-test/ios/build/Build/Intermediates.noindex/PitWall.build/Release-iphoneos/PitlaneWidget.build/PitlaneWidget-generated-files.hmap -Xcc -I/Users/runner/work/Pitwall-test/Pitwall-test/ios/build/Build/Intermediates.noindex/PitWall.build/Release-iphoneos/PitlaneWidget.build/PitlaneWidget-own-target-headers.hmap -Xcc -I/Users/runner/work/Pitwall-test/Pitwall-test/ios/build/Build/Intermediates.noindex/PitWall.build/Release-iphoneos/PitlaneWidget.build/PitlaneWidget-all-target-headers.hmap -Xcc -iquote -Xcc /Users/runner/work/Pitwall-test/Pitwall-test/ios/build/Build/Intermediates.noindex/PitWall.build/Release-iphoneos/PitlaneWidget.build/PitlaneWidget-project-headers.hmap -Xcc -I/Users/runner/work/Pitwall-test/Pitwall-test/ios/build/Build/Products/Release-iphoneos/include -Xcc -I/Users/runner/work/Pitwall-test/Pitwall-test/ios/build/Build/Intermediates.noindex/PitWall.build/Release-iphoneos/PitlaneWidget.build/DerivedSources-normal/arm64 -Xcc -I/Users/runner/work/Pitwall-test/Pitwall-test/ios/build/Build/Intermediates.noindex/PitWall.build/Release-iphoneos/PitlaneWidget.build/DerivedSources/arm64 -Xcc -I/Users/runner/work/Pitwall-test/Pitwall-test/ios/build/Build/Intermediates.noindex/PitWall.build/Release-iphoneos/PitlaneWidget.build/DerivedSources -emit-objc-header -emit-objc-header-path /Users/runner/work/Pitwall-test/Pitwall-test/ios/build/Build/Intermediates.noindex/PitWall.build/Release-iphoneos/PitlaneWidget.build/Objects-normal/arm64/PitlaneWidget-Swift.h -working-directory /Users/runner/work/Pitwall-test/Pitwall-test/ios -no-emit-module-separately-wmo

SwiftDriverJobDiscovery normal arm64 Compiling PitlaneWidget.swift, SharedRaces.swift (in target 'PitlaneWidget' from project 'PitWall')

SwiftDriver\ Compilation\ Requirements PitlaneWidget normal arm64 com.apple.xcode.tools.swift.compiler (in target 'PitlaneWidget' from project 'PitWall')
    cd /Users/runner/work/Pitwall-test/Pitwall-test/ios
    builtin-Swift-Compilation-Requirements -- /Applications/Xcode_16.4.app/Contents/Developer/Toolchains/XcodeDefault.xctoolchain/usr/bin/swiftc -module-name PitlaneWidget -O -whole-module-optimization -enforce-exclusivity\=checked @/Users/runner/work/Pitwall-test/Pitwall-test/ios/build/Build/Intermediates.noindex/PitWall.build/Release-iphoneos/PitlaneWidget.build/Objects-normal/arm64/PitlaneWidget.SwiftFileList -enable-bare-slash-regex -enable-experimental-feature DebugDescriptionMacro -sdk /Applications/Xcode_16.4.app/Contents/Developer/Platforms/iPhoneOS.platform/Developer/SDKs/iPhoneOS18.5.sdk -target arm64-apple-ios15.0 -g -module-cache-path /Users/runner/work/Pitwall-test/Pitwall-test/ios/build/ModuleCache.noindex -Xfrontend -serialize-debugging-options -application-extension -swift-version 5 -I /Users/runner/work/Pitwall-test/Pitwall-test/ios/build/Build/Products/Release-iphoneos -F /Users/runner/work/Pitwall-test/Pitwall-test/ios/build/Build/Products/Release-iphoneos -c -num-threads 3 -Xcc -ivfsstatcache -Xcc /Users/runner/work/Pitwall-test/Pitwall-test/ios/build/SDKStatCaches.noindex/iphoneos18.5-22F76-a529daf784b3616c7c04a36aeb7f5c05.sdkstatcache -output-file-map /Users/runner/work/Pitwall-test/Pitwall-test/ios/build/Build/Intermediates.noindex/PitWall.build/Release-iphoneos/PitlaneWidget.build/Objects-normal/arm64/PitlaneWidget-OutputFileMap.json -use-frontend-parseable-output -save-temps -no-color-diagnostics -serialize-diagnostics -emit-dependencies -emit-module -emit-module-path /Users/runner/work/Pitwall-test/Pitwall-test/ios/build/Build/Intermediates.noindex/PitWall.build/Release-iphoneos/PitlaneWidget.build/Objects-normal/arm64/PitlaneWidget.swiftmodule -validate-clang-modules-once -clang-build-session-file /Users/runner/work/Pitwall-test/Pitwall-test/ios/build/ModuleCache.noindex/Session.modulevalidation -Xcc -I/Users/runner/work/Pitwall-test/Pitwall-test/ios/build/Build/Intermediates.noindex/PitWall.build/Release-iphoneos/PitlaneWidget.build/swift-overrides.hmap -emit-const-values -Xfrontend -const-gather-protocols-file -Xfrontend /Users/runner/work/Pitwall-test/Pitwall-test/ios/build/Build/Intermediates.noindex/PitWall.build/Release-iphoneos/PitlaneWidget.build/Objects-normal/arm64/PitlaneWidget_const_extract_protocols.json -Xcc -iquote -Xcc /Users/runner/work/Pitwall-test/Pitwall-test/ios/build/Build/Intermediates.noindex/PitWall.build/Release-iphoneos/PitlaneWidget.build/PitlaneWidget-generated-files.hmap -Xcc -I/Users/runner/work/Pitwall-test/Pitwall-test/ios/build/Build/Intermediates.noindex/PitWall.build/Release-iphoneos/PitlaneWidget.build/PitlaneWidget-own-target-headers.hmap -Xcc -I/Users/runner/work/Pitwall-test/Pitwall-test/ios/build/Build/Intermediates.noindex/PitWall.build/Release-iphoneos/PitlaneWidget.build/PitlaneWidget-all-target-headers.hmap -Xcc -iquote -Xcc /Users/runner/work/Pitwall-test/Pitwall-test/ios/build/Build/Intermediates.noindex/PitWall.build/Release-iphoneos/PitlaneWidget.build/PitlaneWidget-project-headers.hmap -Xcc -I/Users/runner/work/Pitwall-test/Pitwall-test/ios/build/Build/Products/Release-iphoneos/include -Xcc -I/Users/runner/work/Pitwall-test/Pitwall-test/ios/build/Build/Intermediates.noindex/PitWall.build/Release-iphoneos/PitlaneWidget.build/DerivedSources-normal/arm64 -Xcc -I/Users/runner/work/Pitwall-test/Pitwall-test/ios/build/Build/Intermediates.noindex/PitWall.build/Release-iphoneos/PitlaneWidget.build/DerivedSources/arm64 -Xcc -I/Users/runner/work/Pitwall-test/Pitwall-test/ios/build/Build/Intermediates.noindex/PitWall.build/Release-iphoneos/PitlaneWidget.build/DerivedSources -emit-objc-header -emit-objc-header-path /Users/runner/work/Pitwall-test/Pitwall-test/ios/build/Build/Intermediates.noindex/PitWall.build/Release-iphoneos/PitlaneWidget.build/Objects-normal/arm64/PitlaneWidget-Swift.h -working-directory /Users/runner/work/Pitwall-test/Pitwall-test/ios -no-emit-module-separately-wmo

SwiftMergeGeneratedHeaders /Users/runner/work/Pitwall-test/Pitwall-test/ios/build/Build/Intermediates.noindex/PitWall.build/Release-iphoneos/PitlaneWidget.build/DerivedSources/PitlaneWidget-Swift.h /Users/runner/work/Pitwall-test/Pitwall-test/ios/build/Build/Intermediates.noindex/PitWall.build/Release-iphoneos/PitlaneWidget.build/Objects-normal/arm64/PitlaneWidget-Swift.h (in target 'PitlaneWidget' from project 'PitWall')
    cd /Users/runner/work/Pitwall-test/Pitwall-test/ios
    builtin-swiftHeaderTool -arch arm64 /Users/runner/work/Pitwall-test/Pitwall-test/ios/build/Build/Intermediates.noindex/PitWall.build/Release-iphoneos/PitlaneWidget.build/Objects-normal/arm64/PitlaneWidget-Swift.h -o /Users/runner/work/Pitwall-test/Pitwall-test/ios/build/Build/Intermediates.noindex/PitWall.build/Release-iphoneos/PitlaneWidget.build/DerivedSources/PitlaneWidget-Swift.h

Copy /Users/runner/work/Pitwall-test/Pitwall-test/ios/build/Build/Products/Release-iphoneos/PitlaneWidget.swiftmodule/arm64-apple-ios.swiftmodule /Users/runner/work/Pitwall-test/Pitwall-test/ios/build/Build/Intermediates.noindex/PitWall.build/Release-iphoneos/PitlaneWidget.build/Objects-normal/arm64/PitlaneWidget.swiftmodule (in target 'PitlaneWidget' from project 'PitWall')
    cd /Users/runner/work/Pitwall-test/Pitwall-test/ios
    builtin-copy -exclude .DS_Store -exclude CVS -exclude .svn -exclude .git -exclude .hg -resolve-src-symlinks -rename /Users/runner/work/Pitwall-test/Pitwall-test/ios/build/Build/Intermediates.noindex/PitWall.build/Release-iphoneos/PitlaneWidget.build/Objects-normal/arm64/PitlaneWidget.swiftmodule /Users/runner/work/Pitwall-test/Pitwall-test/ios/build/Build/Products/Release-iphoneos/PitlaneWidget.swiftmodule/arm64-apple-ios.swiftmodule

Copy /Users/runner/work/Pitwall-test/Pitwall-test/ios/build/Build/Products/Release-iphoneos/PitlaneWidget.swiftmodule/arm64-apple-ios.swiftdoc /Users/runner/work/Pitwall-test/Pitwall-test/ios/build/Build/Intermediates.noindex/PitWall.build/Release-iphoneos/PitlaneWidget.build/Objects-normal/arm64/PitlaneWidget.swiftdoc (in target 'PitlaneWidget' from project 'PitWall')
    cd /Users/runner/work/Pitwall-test/Pitwall-test/ios
    builtin-copy -exclude .DS_Store -exclude CVS -exclude .svn -exclude .git -exclude .hg -resolve-src-symlinks -rename /Users/runner/work/Pitwall-test/Pitwall-test/ios/build/Build/Intermediates.noindex/PitWall.build/Release-iphoneos/PitlaneWidget.build/Objects-normal/arm64/PitlaneWidget.swiftdoc /Users/runner/work/Pitwall-test/Pitwall-test/ios/build/Build/Products/Release-iphoneos/PitlaneWidget.swiftmodule/arm64-apple-ios.swiftdoc

Copy /Users/runner/work/Pitwall-test/Pitwall-test/ios/build/Build/Products/Release-iphoneos/PitlaneWidget.swiftmodule/arm64-apple-ios.abi.json /Users/runner/work/Pitwall-test/Pitwall-test/ios/build/Build/Intermediates.noindex/PitWall.build/Release-iphoneos/PitlaneWidget.build/Objects-normal/arm64/PitlaneWidget.abi.json (in target 'PitlaneWidget' from project 'PitWall')
    cd /Users/runner/work/Pitwall-test/Pitwall-test/ios
    builtin-copy -exclude .DS_Store -exclude CVS -exclude .svn -exclude .git -exclude .hg -resolve-src-symlinks -rename /Users/runner/work/Pitwall-test/Pitwall-test/ios/build/Build/Intermediates.noindex/PitWall.build/Release-iphoneos/PitlaneWidget.build/Objects-normal/arm64/PitlaneWidget.abi.json /Users/runner/work/Pitwall-test/Pitwall-test/ios/build/Build/Products/Release-iphoneos/PitlaneWidget.swiftmodule/arm64-apple-ios.abi.json

Copy /Users/runner/work/Pitwall-test/Pitwall-test/ios/build/Build/Products/Release-iphoneos/PitlaneWidget.swiftmodule/Project/arm64-apple-ios.swiftsourceinfo /Users/runner/work/Pitwall-test/Pitwall-test/ios/build/Build/Intermediates.noindex/PitWall.build/Release-iphoneos/PitlaneWidget.build/Objects-normal/arm64/PitlaneWidget.swiftsourceinfo (in target 'PitlaneWidget' from project 'PitWall')
    cd /Users/runner/work/Pitwall-test/Pitwall-test/ios
    builtin-copy -exclude .DS_Store -exclude CVS -exclude .svn -exclude .git -exclude .hg -resolve-src-symlinks -rename /Users/runner/work/Pitwall-test/Pitwall-test/ios/build/Build/Intermediates.noindex/PitWall.build/Release-iphoneos/PitlaneWidget.build/Objects-normal/arm64/PitlaneWidget.swiftsourceinfo /Users/runner/work/Pitwall-test/Pitwall-test/ios/build/Build/Products/Release-iphoneos/PitlaneWidget.swiftmodule/Project/arm64-apple-ios.swiftsourceinfo

Ld /Users/runner/work/Pitwall-test/Pitwall-test/ios/build/Build/Products/Release-iphoneos/PitlaneWidget.appex/PitlaneWidget normal (in target 'PitlaneWidget' from project 'PitWall')
    cd /Users/runner/work/Pitwall-test/Pitwall-test/ios
    /Applications/Xcode_16.4.app/Contents/Developer/Toolchains/XcodeDefault.xctoolchain/usr/bin/clang -Xlinker -reproducible -target arm64-apple-ios15.0 -isysroot /Applications/Xcode_16.4.app/Contents/Developer/Platforms/iPhoneOS.platform/Developer/SDKs/iPhoneOS18.5.sdk -Os -L/Users/runner/work/Pitwall-test/Pitwall-test/ios/build/Build/Intermediates.noindex/EagerLinkingTBDs/Release-iphoneos -L/Users/runner/work/Pitwall-test/Pitwall-test/ios/build/Build/Products/Release-iphoneos -F/Users/runner/work/Pitwall-test/Pitwall-test/ios/build/Build/Intermediates.noindex/EagerLinkingTBDs/Release-iphoneos -F/Users/runner/work/Pitwall-test/Pitwall-test/ios/build/Build/Products/Release-iphoneos -filelist /Users/runner/work/Pitwall-test/Pitwall-test/ios/build/Build/Intermediates.noindex/PitWall.build/Release-iphoneos/PitlaneWidget.build/Objects-normal/arm64/PitlaneWidget.LinkFileList -Xlinker -rpath -Xlinker @executable_path/Frameworks -Xlinker -rpath -Xlinker @executable_path/../../Frameworks -dead_strip -Xlinker -object_path_lto -Xlinker /Users/runner/work/Pitwall-test/Pitwall-test/ios/build/Build/Intermediates.noindex/PitWall.build/Release-iphoneos/PitlaneWidget.build/Objects-normal/arm64/PitlaneWidget_lto.o -Xlinker -dependency_info -Xlinker /Users/runner/work/Pitwall-test/Pitwall-test/ios/build/Build/Intermediates.noindex/PitWall.build/Release-iphoneos/PitlaneWidget.build/Objects-normal/arm64/PitlaneWidget_dependency_info.dat -e _NSExtensionMain -fapplication-extension -fobjc-link-runtime -L/Applications/Xcode_16.4.app/Contents/Developer/Toolchains/XcodeDefault.xctoolchain/usr/lib/swift/iphoneos -L/usr/lib/swift -Xlinker -add_ast_path -Xlinker /Users/runner/work/Pitwall-test/Pitwall-test/ios/build/Build/Intermediates.noindex/PitWall.build/Release-iphoneos/PitlaneWidget.build/Objects-normal/arm64/PitlaneWidget.swiftmodule -o /Users/runner/work/Pitwall-test/Pitwall-test/ios/build/Build/Products/Release-iphoneos/PitlaneWidget.appex/PitlaneWidget

MkDir /Users/runner/work/Pitwall-test/Pitwall-test/ios/build/Build/Intermediates.noindex/PitWall.build/Release-iphoneos/PitWall.build/assetcatalog_output/unthinned (in target 'PitWall' from project 'PitWall')
    cd /Users/runner/work/Pitwall-test/Pitwall-test/ios
    /bin/mkdir -p /Users/runner/work/Pitwall-test/Pitwall-test/ios/build/Build/Intermediates.noindex/PitWall.build/Release-iphoneos/PitWall.build/assetcatalog_output/unthinned

MkDir /Users/runner/work/Pitwall-test/Pitwall-test/ios/build/Build/Intermediates.noindex/PitWall.build/Release-iphoneos/PitWall.build/assetcatalog_output/thinned (in target 'PitWall' from project 'PitWall')
    cd /Users/runner/work/Pitwall-test/Pitwall-test/ios
    /bin/mkdir -p /Users/runner/work/Pitwall-test/Pitwall-test/ios/build/Build/Intermediates.noindex/PitWall.build/Release-iphoneos/PitWall.build/assetcatalog_output/thinned

GenerateAssetSymbols /Users/runner/work/Pitwall-test/Pitwall-test/ios/PitWall/Assets.xcassets (in target 'PitWall' from project 'PitWall')
    cd /Users/runner/work/Pitwall-test/Pitwall-test/ios
    /Applications/Xcode_16.4.app/Contents/Developer/usr/bin/actool /Users/runner/work/Pitwall-test/Pitwall-test/ios/PitWall/Assets.xcassets --compile /Users/runner/work/Pitwall-test/Pitwall-test/ios/build/Build/Products/Release-iphoneos/PitWall.app --output-format human-readable-text --notices --warnings --export-dependency-info /Users/runner/work/Pitwall-test/Pitwall-test/ios/build/Build/Intermediates.noindex/PitWall.build/Release-iphoneos/PitWall.build/assetcatalog_dependencies --output-partial-info-plist /Users/runner/work/Pitwall-test/Pitwall-test/ios/build/Build/Intermediates.noindex/PitWall.build/Release-iphoneos/PitWall.build/assetcatalog_generated_info.plist --app-icon AppIcon --compress-pngs --enable-on-demand-resources YES --development-region en --target-device iphone --target-device ipad --minimum-deployment-target 15.0 --platform iphoneos --bundle-identifier com.pitwall.app --generate-swift-asset-symbol-extensions NO --generate-swift-asset-symbols /Users/runner/work/Pitwall-test/Pitwall-test/ios/build/Build/Intermediates.noindex/PitWall.build/Release-iphoneos/PitWall.build/DerivedSources/GeneratedAssetSymbols.swift --generate-objc-asset-symbols /Users/runner/work/Pitwall-test/Pitwall-test/ios/build/Build/Intermediates.noindex/PitWall.build/Release-iphoneos/PitWall.build/DerivedSources/GeneratedAssetSymbols.h --generate-asset-symbol-index /Users/runner/work/Pitwall-test/Pitwall-test/ios/build/Build/Intermediates.noindex/PitWall.build/Release-iphoneos/PitWall.build/DerivedSources/GeneratedAssetSymbols-Index.plist
/* com.apple.actool.compilation-results */
/Users/runner/work/Pitwall-test/Pitwall-test/ios/build/Build/Intermediates.noindex/PitWall.build/Release-iphoneos/PitWall.build/DerivedSources/GeneratedAssetSymbols-Index.plist
/Users/runner/work/Pitwall-test/Pitwall-test/ios/build/Build/Intermediates.noindex/PitWall.build/Release-iphoneos/PitWall.build/DerivedSources/GeneratedAssetSymbols.h
/Users/runner/work/Pitwall-test/Pitwall-test/ios/build/Build/Intermediates.noindex/PitWall.build/Release-iphoneos/PitWall.build/DerivedSources/GeneratedAssetSymbols.swift


CompileAssetCatalogVariant thinned /Users/runner/work/Pitwall-test/Pitwall-test/ios/build/Build/Products/Release-iphoneos/PitWall.app /Users/runner/work/Pitwall-test/Pitwall-test/ios/PitWall/Assets.xcassets (in target 'PitWall' from project 'PitWall')
    cd /Users/runner/work/Pitwall-test/Pitwall-test/ios
    /Applications/Xcode_16.4.app/Contents/Developer/usr/bin/actool /Users/runner/work/Pitwall-test/Pitwall-test/ios/PitWall/Assets.xcassets --compile /Users/runner/work/Pitwall-test/Pitwall-test/ios/build/Build/Intermediates.noindex/PitWall.build/Release-iphoneos/PitWall.build/assetcatalog_output/thinned --output-format human-readable-text --notices --warnings --export-dependency-info /Users/runner/work/Pitwall-test/Pitwall-test/ios/build/Build/Intermediates.noindex/PitWall.build/Release-iphoneos/PitWall.build/assetcatalog_dependencies_thinned --output-partial-info-plist /Users/runner/work/Pitwall-test/Pitwall-test/ios/build/Build/Intermediates.noindex/PitWall.build/Release-iphoneos/PitWall.build/assetcatalog_generated_info.plist_thinned --app-icon AppIcon --compress-pngs --enable-on-demand-resources YES --development-region en --target-device iphone --target-device ipad --minimum-deployment-target 15.0 --platform iphoneos
/* com.apple.actool.compilation-results */
/Users/runner/work/Pitwall-test/Pitwall-test/ios/build/Build/Intermediates.noindex/PitWall.build/Release-iphoneos/PitWall.build/assetcatalog_generated_info.plist_thinned
/Users/runner/work/Pitwall-test/Pitwall-test/ios/build/Build/Intermediates.noindex/PitWall.build/Release-iphoneos/PitWall.build/assetcatalog_output/thinned/AppIcon60x60@2x.png
/Users/runner/work/Pitwall-test/Pitwall-test/ios/build/Build/Intermediates.noindex/PitWall.build/Release-iphoneos/PitWall.build/assetcatalog_output/thinned/AppIcon76x76@2x~ipad.png
/Users/runner/work/Pitwall-test/Pitwall-test/ios/build/Build/Intermediates.noindex/PitWall.build/Release-iphoneos/PitWall.build/assetcatalog_output/thinned/Assets.car


SwiftDriver PitWall normal arm64 com.apple.xcode.tools.swift.compiler (in target 'PitWall' from project 'PitWall')
    cd /Users/runner/work/Pitwall-test/Pitwall-test/ios
    builtin-SwiftDriver -- /Applications/Xcode_16.4.app/Contents/Developer/Toolchains/XcodeDefault.xctoolchain/usr/bin/swiftc -module-name PitWall -O -whole-module-optimization -enforce-exclusivity\=checked @/Users/runner/work/Pitwall-test/Pitwall-test/ios/build/Build/Intermediates.noindex/PitWall.build/Release-iphoneos/PitWall.build/Objects-normal/arm64/PitWall.SwiftFileList -enable-bare-slash-regex -enable-experimental-feature DebugDescriptionMacro -sdk /Applications/Xcode_16.4.app/Contents/Developer/Platforms/iPhoneOS.platform/Developer/SDKs/iPhoneOS18.5.sdk -target arm64-apple-ios15.0 -g -module-cache-path /Users/runner/work/Pitwall-test/Pitwall-test/ios/build/ModuleCache.noindex -Xfrontend -serialize-debugging-options -swift-version 5 -I /Users/runner/work/Pitwall-test/Pitwall-test/ios/build/Build/Products/Release-iphoneos -F /Users/runner/work/Pitwall-test/Pitwall-test/ios/build/Build/Products/Release-iphoneos -c -num-threads 3 -Xcc -ivfsstatcache -Xcc /Users/runner/work/Pitwall-test/Pitwall-test/ios/build/SDKStatCaches.noindex/iphoneos18.5-22F76-a529daf784b3616c7c04a36aeb7f5c05.sdkstatcache -output-file-map /Users/runner/work/Pitwall-test/Pitwall-test/ios/build/Build/Intermediates.noindex/PitWall.build/Release-iphoneos/PitWall.build/Objects-normal/arm64/PitWall-OutputFileMap.json -use-frontend-parseable-output -save-temps -no-color-diagnostics -serialize-diagnostics -emit-dependencies -emit-module -emit-module-path /Users/runner/work/Pitwall-test/Pitwall-test/ios/build/Build/Intermediates.noindex/PitWall.build/Release-iphoneos/PitWall.build/Objects-normal/arm64/PitWall.swiftmodule -validate-clang-modules-once -clang-build-session-file /Users/runner/work/Pitwall-test/Pitwall-test/ios/build/ModuleCache.noindex/Session.modulevalidation -Xcc -I/Users/runner/work/Pitwall-test/Pitwall-test/ios/build/Build/Intermediates.noindex/PitWall.build/Release-iphoneos/PitWall.build/swift-overrides.hmap -emit-const-values -Xfrontend -const-gather-protocols-file -Xfrontend /Users/runner/work/Pitwall-test/Pitwall-test/ios/build/Build/Intermediates.noindex/PitWall.build/Release-iphoneos/PitWall.build/Objects-normal/arm64/PitWall_const_extract_protocols.json -Xcc -iquote -Xcc /Users/runner/work/Pitwall-test/Pitwall-test/ios/build/Build/Intermediates.noindex/PitWall.build/Release-iphoneos/PitWall.build/PitWall-generated-files.hmap -Xcc -I/Users/runner/work/Pitwall-test/Pitwall-test/ios/build/Build/Intermediates.noindex/PitWall.build/Release-iphoneos/PitWall.build/PitWall-own-target-headers.hmap -Xcc -I/Users/runner/work/Pitwall-test/Pitwall-test/ios/build/Build/Intermediates.noindex/PitWall.build/Release-iphoneos/PitWall.build/PitWall-all-target-headers.hmap -Xcc -iquote -Xcc /Users/runner/work/Pitwall-test/Pitwall-test/ios/build/Build/Intermediates.noindex/PitWall.build/Release-iphoneos/PitWall.build/PitWall-project-headers.hmap -Xcc -I/Users/runner/work/Pitwall-test/Pitwall-test/ios/build/Build/Products/Release-iphoneos/include -Xcc -I/Users/runner/work/Pitwall-test/Pitwall-test/ios/build/Build/Intermediates.noindex/PitWall.build/Release-iphoneos/PitWall.build/DerivedSources-normal/arm64 -Xcc -I/Users/runner/work/Pitwall-test/Pitwall-test/ios/build/Build/Intermediates.noindex/PitWall.build/Release-iphoneos/PitWall.build/DerivedSources/arm64 -Xcc -I/Users/runner/work/Pitwall-test/Pitwall-test/ios/build/Build/Intermediates.noindex/PitWall.build/Release-iphoneos/PitWall.build/DerivedSources -emit-objc-header -emit-objc-header-path /Users/runner/work/Pitwall-test/Pitwall-test/ios/build/Build/Intermediates.noindex/PitWall.build/Release-iphoneos/PitWall.build/Objects-normal/arm64/PitWall-Swift.h -working-directory /Users/runner/work/Pitwall-test/Pitwall-test/ios -no-emit-module-separately-wmo

SwiftCompile normal arm64 Compiling\ AppDelegate.swift,\ MainViewController.swift,\ SharedRaces.swift,\ GeneratedAssetSymbols.swift /Users/runner/work/Pitwall-test/Pitwall-test/ios/PitWall/AppDelegate.swift /Users/runner/work/Pitwall-test/Pitwall-test/ios/PitWall/MainViewController.swift /Users/runner/work/Pitwall-test/Pitwall-test/ios/Shared/SharedRaces.swift /Users/runner/work/Pitwall-test/Pitwall-test/ios/build/Build/Intermediates.noindex/PitWall.build/Release-iphoneos/PitWall.build/DerivedSources/GeneratedAssetSymbols.swift (in target 'PitWall' from project 'PitWall')

CompileSwift normal arm64 (in target 'PitWall' from project 'PitWall')
    cd /Users/runner/work/Pitwall-test/Pitwall-test/ios
    
/Users/runner/work/Pitwall-test/Pitwall-test/ios/PitWall/MainViewController.swift:115:55: warning: 'where' only applies to the second pattern match in this 'case'
        case "secret-set", "secret-del", "secret-get" where !onOwnPage():
                                         ~~~~~~~~~~~~ ^     ~~~~~~~~~~~~
/Users/runner/work/Pitwall-test/Pitwall-test/ios/PitWall/MainViewController.swift:115:42: note: disambiguate by adding a line break between them if this is desired
        case "secret-set", "secret-del", "secret-get" where !onOwnPage():
                                         ^
/Users/runner/work/Pitwall-test/Pitwall-test/ios/PitWall/MainViewController.swift:115:28: note: duplicate the 'where' on both patterns to check both patterns
        case "secret-set", "secret-del", "secret-get" where !onOwnPage():
                           ^~~~~~~~~~~~
                                        where !onOwnPage()
/Users/runner/work/Pitwall-test/Pitwall-test/ios/PitWall/MainViewController.swift:117:14: warning: literal value is already handled by previous pattern; consider removing it
        case "secret-set":
             ^~~~~~~~~~~~
/Users/runner/work/Pitwall-test/Pitwall-test/ios/PitWall/MainViewController.swift:115:14: note: first occurrence of identical literal pattern is here
        case "secret-set", "secret-del", "secret-get" where !onOwnPage():
             ^~~~~~~~~~~~
/Users/runner/work/Pitwall-test/Pitwall-test/ios/PitWall/MainViewController.swift:119:14: warning: literal value is already handled by previous pattern; consider removing it
        case "secret-del":
             ^~~~~~~~~~~~
/Users/runner/work/Pitwall-test/Pitwall-test/ios/PitWall/MainViewController.swift:115:28: note: first occurrence of identical literal pattern is here
        case "secret-set", "secret-del", "secret-get" where !onOwnPage():
                           ^~~~~~~~~~~~

SwiftDriver\ Compilation PitWall normal arm64 com.apple.xcode.tools.swift.compiler (in target 'PitWall' from project 'PitWall')
    cd /Users/runner/work/Pitwall-test/Pitwall-test/ios
    builtin-Swift-Compilation -- /Applications/Xcode_16.4.app/Contents/Developer/Toolchains/XcodeDefault.xctoolchain/usr/bin/swiftc -module-name PitWall -O -whole-module-optimization -enforce-exclusivity\=checked @/Users/runner/work/Pitwall-test/Pitwall-test/ios/build/Build/Intermediates.noindex/PitWall.build/Release-iphoneos/PitWall.build/Objects-normal/arm64/PitWall.SwiftFileList -enable-bare-slash-regex -enable-experimental-feature DebugDescriptionMacro -sdk /Applications/Xcode_16.4.app/Contents/Developer/Platforms/iPhoneOS.platform/Developer/SDKs/iPhoneOS18.5.sdk -target arm64-apple-ios15.0 -g -module-cache-path /Users/runner/work/Pitwall-test/Pitwall-test/ios/build/ModuleCache.noindex -Xfrontend -serialize-debugging-options -swift-version 5 -I /Users/runner/work/Pitwall-test/Pitwall-test/ios/build/Build/Products/Release-iphoneos -F /Users/runner/work/Pitwall-test/Pitwall-test/ios/build/Build/Products/Release-iphoneos -c -num-threads 3 -Xcc -ivfsstatcache -Xcc /Users/runner/work/Pitwall-test/Pitwall-test/ios/build/SDKStatCaches.noindex/iphoneos18.5-22F76-a529daf784b3616c7c04a36aeb7f5c05.sdkstatcache -output-file-map /Users/runner/work/Pitwall-test/Pitwall-test/ios/build/Build/Intermediates.noindex/PitWall.build/Release-iphoneos/PitWall.build/Objects-normal/arm64/PitWall-OutputFileMap.json -use-frontend-parseable-output -save-temps -no-color-diagnostics -serialize-diagnostics -emit-dependencies -emit-module -emit-module-path /Users/runner/work/Pitwall-test/Pitwall-test/ios/build/Build/Intermediates.noindex/PitWall.build/Release-iphoneos/PitWall.build/Objects-normal/arm64/PitWall.swiftmodule -validate-clang-modules-once -clang-build-session-file /Users/runner/work/Pitwall-test/Pitwall-test/ios/build/ModuleCache.noindex/Session.modulevalidation -Xcc -I/Users/runner/work/Pitwall-test/Pitwall-test/ios/build/Build/Intermediates.noindex/PitWall.build/Release-iphoneos/PitWall.build/swift-overrides.hmap -emit-const-values -Xfrontend -const-gather-protocols-file -Xfrontend /Users/runner/work/Pitwall-test/Pitwall-test/ios/build/Build/Intermediates.noindex/PitWall.build/Release-iphoneos/PitWall.build/Objects-normal/arm64/PitWall_const_extract_protocols.json -Xcc -iquote -Xcc /Users/runner/work/Pitwall-test/Pitwall-test/ios/build/Build/Intermediates.noindex/PitWall.build/Release-iphoneos/PitWall.build/PitWall-generated-files.hmap -Xcc -I/Users/runner/work/Pitwall-test/Pitwall-test/ios/build/Build/Intermediates.noindex/PitWall.build/Release-iphoneos/PitWall.build/PitWall-own-target-headers.hmap -Xcc -I/Users/runner/work/Pitwall-test/Pitwall-test/ios/build/Build/Intermediates.noindex/PitWall.build/Release-iphoneos/PitWall.build/PitWall-all-target-headers.hmap -Xcc -iquote -Xcc /Users/runner/work/Pitwall-test/Pitwall-test/ios/build/Build/Intermediates.noindex/PitWall.build/Release-iphoneos/PitWall.build/PitWall-project-headers.hmap -Xcc -I/Users/runner/work/Pitwall-test/Pitwall-test/ios/build/Build/Products/Release-iphoneos/include -Xcc -I/Users/runner/work/Pitwall-test/Pitwall-test/ios/build/Build/Intermediates.noindex/PitWall.build/Release-iphoneos/PitWall.build/DerivedSources-normal/arm64 -Xcc -I/Users/runner/work/Pitwall-test/Pitwall-test/ios/build/Build/Intermediates.noindex/PitWall.build/Release-iphoneos/PitWall.build/DerivedSources/arm64 -Xcc -I/Users/runner/work/Pitwall-test/Pitwall-test/ios/build/Build/Intermediates.noindex/PitWall.build/Release-iphoneos/PitWall.build/DerivedSources -emit-objc-header -emit-objc-header-path /Users/runner/work/Pitwall-test/Pitwall-test/ios/build/Build/Intermediates.noindex/PitWall.build/Release-iphoneos/PitWall.build/Objects-normal/arm64/PitWall-Swift.h -working-directory /Users/runner/work/Pitwall-test/Pitwall-test/ios -no-emit-module-separately-wmo

GenerateDSYMFile /Users/runner/work/Pitwall-test/Pitwall-test/ios/build/Build/Products/Release-iphoneos/PitlaneWidget.appex.dSYM /Users/runner/work/Pitwall-test/Pitwall-test/ios/build/Build/Products/Release-iphoneos/PitlaneWidget.appex/PitlaneWidget (in target 'PitlaneWidget' from project 'PitWall')
    cd /Users/runner/work/Pitwall-test/Pitwall-test/ios
    /Applications/Xcode_16.4.app/Contents/Developer/Toolchains/XcodeDefault.xctoolchain/usr/bin/dsymutil /Users/runner/work/Pitwall-test/Pitwall-test/ios/build/Build/Products/Release-iphoneos/PitlaneWidget.appex/PitlaneWidget -o /Users/runner/work/Pitwall-test/Pitwall-test/ios/build/Build/Products/Release-iphoneos/PitlaneWidget.appex.dSYM

ExtractAppIntentsMetadata (in target 'PitlaneWidget' from project 'PitWall')
    cd /Users/runner/work/Pitwall-test/Pitwall-test/ios
    /Applications/Xcode_16.4.app/Contents/Developer/Toolchains/XcodeDefault.xctoolchain/usr/bin/appintentsmetadataprocessor --toolchain-dir /Applications/Xcode_16.4.app/Contents/Developer/Toolchains/XcodeDefault.xctoolchain --module-name PitlaneWidget --sdk-root /Applications/Xcode_16.4.app/Contents/Developer/Platforms/iPhoneOS.platform/Developer/SDKs/iPhoneOS18.5.sdk --xcode-version 16F6 --platform-family iOS --deployment-target 15.0 --bundle-identifier com.pitwall.app.widget --output /Users/runner/work/Pitwall-test/Pitwall-test/ios/build/Build/Products/Release-iphoneos/PitlaneWidget.appex --target-triple arm64-apple-ios15.0 --binary-file /Users/runner/work/Pitwall-test/Pitwall-test/ios/build/Build/Products/Release-iphoneos/PitlaneWidget.appex/PitlaneWidget --dependency-file /Users/runner/work/Pitwall-test/Pitwall-test/ios/build/Build/Intermediates.noindex/PitWall.build/Release-iphoneos/PitlaneWidget.build/Objects-normal/arm64/PitlaneWidget_dependency_info.dat --stringsdata-file /Users/runner/work/Pitwall-test/Pitwall-test/ios/build/Build/Intermediates.noindex/PitWall.build/Release-iphoneos/PitlaneWidget.build/Objects-normal/arm64/ExtractedAppShortcutsMetadata.stringsdata --source-file-list /Users/runner/work/Pitwall-test/Pitwall-test/ios/build/Build/Intermediates.noindex/PitWall.build/Release-iphoneos/PitlaneWidget.build/Objects-normal/arm64/PitlaneWidget.SwiftFileList --metadata-file-list /Users/runner/work/Pitwall-test/Pitwall-test/ios/build/Build/Intermediates.noindex/PitWall.build/Release-iphoneos/PitlaneWidget.build/PitlaneWidget.DependencyMetadataFileList --static-metadata-file-list /Users/runner/work/Pitwall-test/Pitwall-test/ios/build/Build/Intermediates.noindex/PitWall.build/Release-iphoneos/PitlaneWidget.build/PitlaneWidget.DependencyStaticMetadataFileList --swift-const-vals-list /Users/runner/work/Pitwall-test/Pitwall-test/ios/build/Build/Intermediates.noindex/PitWall.build/Release-iphoneos/PitlaneWidget.build/Objects-normal/arm64/PitlaneWidget.SwiftConstValuesFileList --compile-time-extraction --deployment-aware-processing --validate-assistant-intents --no-app-shortcuts-localization
2026-10-06 13:16:38.552 appintentsmetadataprocessor[1835:8740] Starting appintentsmetadataprocessor export
2026-10-06 13:16:38.642 appintentsmetadataprocessor[1835:8740] Extracted no relevant App Intents symbols, skipping writing output

AppIntentsSSUTraining (in target 'PitlaneWidget' from project 'PitWall')
    cd /Users/runner/work/Pitwall-test/Pitwall-test/ios
    /Applications/Xcode_16.4.app/Contents/Developer/Toolchains/XcodeDefault.xctoolchain/usr/bin/appintentsnltrainingprocessor --infoplist-path /Users/runner/work/Pitwall-test/Pitwall-test/ios/build/Build/Products/Release-iphoneos/PitlaneWidget.appex/Info.plist --temp-dir-path /Users/runner/work/Pitwall-test/Pitwall-test/ios/build/Build/Intermediates.noindex/PitWall.build/Release-iphoneos/PitlaneWidget.build/ssu --bundle-id com.pitwall.app.widget --product-path /Users/runner/work/Pitwall-test/Pitwall-test/ios/build/Build/Products/Release-iphoneos/PitlaneWidget.appex --extracted-metadata-path /Users/runner/work/Pitwall-test/Pitwall-test/ios/build/Build/Products/Release-iphoneos/PitlaneWidget.appex/Metadata.appintents --metadata-file-list /Users/runner/work/Pitwall-test/Pitwall-test/ios/build/Build/Intermediates.noindex/PitWall.build/Release-iphoneos/PitlaneWidget.build/PitlaneWidget.DependencyMetadataFileList --archive-ssu-assets
2026-10-06 13:16:38.702 appintentsnltrainingprocessor[1837:8762] Parsing options for appintentsnltrainingprocessor
2026-10-06 13:16:38.706 appintentsnltrainingprocessor[1837:8762] No AppShortcuts found - Skipping.

RegisterExecutionPolicyException /Users/runner/work/Pitwall-test/Pitwall-test/ios/build/Build/Products/Release-iphoneos/PitlaneWidget.appex (in target 'PitlaneWidget' from project 'PitWall')
    cd /Users/runner/work/Pitwall-test/Pitwall-test/ios
    builtin-RegisterExecutionPolicyException /Users/runner/work/Pitwall-test/Pitwall-test/ios/build/Build/Products/Release-iphoneos/PitlaneWidget.appex

Touch /Users/runner/work/Pitwall-test/Pitwall-test/ios/build/Build/Products/Release-iphoneos/PitlaneWidget.appex (in target 'PitlaneWidget' from project 'PitWall')
    cd /Users/runner/work/Pitwall-test/Pitwall-test/ios
    /usr/bin/touch -c /Users/runner/work/Pitwall-test/Pitwall-test/ios/build/Build/Products/Release-iphoneos/PitlaneWidget.appex

CpResource /Users/runner/work/Pitwall-test/Pitwall-test/ios/build/Build/Products/Release-iphoneos/PitWall.app/dist /Users/runner/work/Pitwall-test/Pitwall-test/web/dist (in target 'PitWall' from project 'PitWall')
    cd /Users/runner/work/Pitwall-test/Pitwall-test/ios
    builtin-copy -exclude .DS_Store -exclude CVS -exclude .svn -exclude .git -exclude .hg -resolve-src-symlinks /Users/runner/work/Pitwall-test/Pitwall-test/web/dist /Users/runner/work/Pitwall-test/Pitwall-test/ios/build/Build/Products/Release-iphoneos/PitWall.app

CpResource /Users/runner/work/Pitwall-test/Pitwall-test/ios/build/Build/Products/Release-iphoneos/PitWall.app/connect.html /Users/runner/work/Pitwall-test/Pitwall-test/ios/PitWall/connect.html (in target 'PitWall' from project 'PitWall')
    cd /Users/runner/work/Pitwall-test/Pitwall-test/ios
    builtin-copy -exclude .DS_Store -exclude CVS -exclude .svn -exclude .git -exclude .hg -resolve-src-symlinks /Users/runner/work/Pitwall-test/Pitwall-test/ios/PitWall/connect.html /Users/runner/work/Pitwall-test/Pitwall-test/ios/build/Build/Products/Release-iphoneos/PitWall.app

SwiftDriverJobDiscovery normal arm64 Compiling AppDelegate.swift, MainViewController.swift, SharedRaces.swift, GeneratedAssetSymbols.swift (in target 'PitWall' from project 'PitWall')

SwiftDriver\ Compilation\ Requirements PitWall normal arm64 com.apple.xcode.tools.swift.compiler (in target 'PitWall' from project 'PitWall')
    cd /Users/runner/work/Pitwall-test/Pitwall-test/ios
    builtin-Swift-Compilation-Requirements -- /Applications/Xcode_16.4.app/Contents/Developer/Toolchains/XcodeDefault.xctoolchain/usr/bin/swiftc -module-name PitWall -O -whole-module-optimization -enforce-exclusivity\=checked @/Users/runner/work/Pitwall-test/Pitwall-test/ios/build/Build/Intermediates.noindex/PitWall.build/Release-iphoneos/PitWall.build/Objects-normal/arm64/PitWall.SwiftFileList -enable-bare-slash-regex -enable-experimental-feature DebugDescriptionMacro -sdk /Applications/Xcode_16.4.app/Contents/Developer/Platforms/iPhoneOS.platform/Developer/SDKs/iPhoneOS18.5.sdk -target arm64-apple-ios15.0 -g -module-cache-path /Users/runner/work/Pitwall-test/Pitwall-test/ios/build/ModuleCache.noindex -Xfrontend -serialize-debugging-options -swift-version 5 -I /Users/runner/work/Pitwall-test/Pitwall-test/ios/build/Build/Products/Release-iphoneos -F /Users/runner/work/Pitwall-test/Pitwall-test/ios/build/Build/Products/Release-iphoneos -c -num-threads 3 -Xcc -ivfsstatcache -Xcc /Users/runner/work/Pitwall-test/Pitwall-test/ios/build/SDKStatCaches.noindex/iphoneos18.5-22F76-a529daf784b3616c7c04a36aeb7f5c05.sdkstatcache -output-file-map /Users/runner/work/Pitwall-test/Pitwall-test/ios/build/Build/Intermediates.noindex/PitWall.build/Release-iphoneos/PitWall.build/Objects-normal/arm64/PitWall-OutputFileMap.json -use-frontend-parseable-output -save-temps -no-color-diagnostics -serialize-diagnostics -emit-dependencies -emit-module -emit-module-path /Users/runner/work/Pitwall-test/Pitwall-test/ios/build/Build/Intermediates.noindex/PitWall.build/Release-iphoneos/PitWall.build/Objects-normal/arm64/PitWall.swiftmodule -validate-clang-modules-once -clang-build-session-file /Users/runner/work/Pitwall-test/Pitwall-test/ios/build/ModuleCache.noindex/Session.modulevalidation -Xcc -I/Users/runner/work/Pitwall-test/Pitwall-test/ios/build/Build/Intermediates.noindex/PitWall.build/Release-iphoneos/PitWall.build/swift-overrides.hmap -emit-const-values -Xfrontend -const-gather-protocols-file -Xfrontend /Users/runner/work/Pitwall-test/Pitwall-test/ios/build/Build/Intermediates.noindex/PitWall.build/Release-iphoneos/PitWall.build/Objects-normal/arm64/PitWall_const_extract_protocols.json -Xcc -iquote -Xcc /Users/runner/work/Pitwall-test/Pitwall-test/ios/build/Build/Intermediates.noindex/PitWall.build/Release-iphoneos/PitWall.build/PitWall-generated-files.hmap -Xcc -I/Users/runner/work/Pitwall-test/Pitwall-test/ios/build/Build/Intermediates.noindex/PitWall.build/Release-iphoneos/PitWall.build/PitWall-own-target-headers.hmap -Xcc -I/Users/runner/work/Pitwall-test/Pitwall-test/ios/build/Build/Intermediates.noindex/PitWall.build/Release-iphoneos/PitWall.build/PitWall-all-target-headers.hmap -Xcc -iquote -Xcc /Users/runner/work/Pitwall-test/Pitwall-test/ios/build/Build/Intermediates.noindex/PitWall.build/Release-iphoneos/PitWall.build/PitWall-project-headers.hmap -Xcc -I/Users/runner/work/Pitwall-test/Pitwall-test/ios/build/Build/Products/Release-iphoneos/include -Xcc -I/Users/runner/work/Pitwall-test/Pitwall-test/ios/build/Build/Intermediates.noindex/PitWall.build/Release-iphoneos/PitWall.build/DerivedSources-normal/arm64 -Xcc -I/Users/runner/work/Pitwall-test/Pitwall-test/ios/build/Build/Intermediates.noindex/PitWall.build/Release-iphoneos/PitWall.build/DerivedSources/arm64 -Xcc -I/Users/runner/work/Pitwall-test/Pitwall-test/ios/build/Build/Intermediates.noindex/PitWall.build/Release-iphoneos/PitWall.build/DerivedSources -emit-objc-header -emit-objc-header-path /Users/runner/work/Pitwall-test/Pitwall-test/ios/build/Build/Intermediates.noindex/PitWall.build/Release-iphoneos/PitWall.build/Objects-normal/arm64/PitWall-Swift.h -working-directory /Users/runner/work/Pitwall-test/Pitwall-test/ios -no-emit-module-separately-wmo

SwiftMergeGeneratedHeaders /Users/runner/work/Pitwall-test/Pitwall-test/ios/build/Build/Intermediates.noindex/PitWall.build/Release-iphoneos/PitWall.build/DerivedSources/PitWall-Swift.h /Users/runner/work/Pitwall-test/Pitwall-test/ios/build/Build/Intermediates.noindex/PitWall.build/Release-iphoneos/PitWall.build/Objects-normal/arm64/PitWall-Swift.h (in target 'PitWall' from project 'PitWall')
    cd /Users/runner/work/Pitwall-test/Pitwall-test/ios
    builtin-swiftHeaderTool -arch arm64 /Users/runner/work/Pitwall-test/Pitwall-test/ios/build/Build/Intermediates.noindex/PitWall.build/Release-iphoneos/PitWall.build/Objects-normal/arm64/PitWall-Swift.h -o /Users/runner/work/Pitwall-test/Pitwall-test/ios/build/Build/Intermediates.noindex/PitWall.build/Release-iphoneos/PitWall.build/DerivedSources/PitWall-Swift.h

Copy /Users/runner/work/Pitwall-test/Pitwall-test/ios/build/Build/Products/Release-iphoneos/PitWall.swiftmodule/arm64-apple-ios.swiftmodule /Users/runner/work/Pitwall-test/Pitwall-test/ios/build/Build/Intermediates.noindex/PitWall.build/Release-iphoneos/PitWall.build/Objects-normal/arm64/PitWall.swiftmodule (in target 'PitWall' from project 'PitWall')
    cd /Users/runner/work/Pitwall-test/Pitwall-test/ios
    builtin-copy -exclude .DS_Store -exclude CVS -exclude .svn -exclude .git -exclude .hg -resolve-src-symlinks -rename /Users/runner/work/Pitwall-test/Pitwall-test/ios/build/Build/Intermediates.noindex/PitWall.build/Release-iphoneos/PitWall.build/Objects-normal/arm64/PitWall.swiftmodule /Users/runner/work/Pitwall-test/Pitwall-test/ios/build/Build/Products/Release-iphoneos/PitWall.swiftmodule/arm64-apple-ios.swiftmodule

Copy /Users/runner/work/Pitwall-test/Pitwall-test/ios/build/Build/Products/Release-iphoneos/PitWall.swiftmodule/arm64-apple-ios.swiftdoc /Users/runner/work/Pitwall-test/Pitwall-test/ios/build/Build/Intermediates.noindex/PitWall.build/Release-iphoneos/PitWall.build/Objects-normal/arm64/PitWall.swiftdoc (in target 'PitWall' from project 'PitWall')
    cd /Users/runner/work/Pitwall-test/Pitwall-test/ios
    builtin-copy -exclude .DS_Store -exclude CVS -exclude .svn -exclude .git -exclude .hg -resolve-src-symlinks -rename /Users/runner/work/Pitwall-test/Pitwall-test/ios/build/Build/Intermediates.noindex/PitWall.build/Release-iphoneos/PitWall.build/Objects-normal/arm64/PitWall.swiftdoc /Users/runner/work/Pitwall-test/Pitwall-test/ios/build/Build/Products/Release-iphoneos/PitWall.swiftmodule/arm64-apple-ios.swiftdoc

Copy /Users/runner/work/Pitwall-test/Pitwall-test/ios/build/Build/Products/Release-iphoneos/PitWall.swiftmodule/arm64-apple-ios.abi.json /Users/runner/work/Pitwall-test/Pitwall-test/ios/build/Build/Intermediates.noindex/PitWall.build/Release-iphoneos/PitWall.build/Objects-normal/arm64/PitWall.abi.json (in target 'PitWall' from project 'PitWall')
    cd /Users/runner/work/Pitwall-test/Pitwall-test/ios
    builtin-copy -exclude .DS_Store -exclude CVS -exclude .svn -exclude .git -exclude .hg -resolve-src-symlinks -rename /Users/runner/work/Pitwall-test/Pitwall-test/ios/build/Build/Intermediates.noindex/PitWall.build/Release-iphoneos/PitWall.build/Objects-normal/arm64/PitWall.abi.json /Users/runner/work/Pitwall-test/Pitwall-test/ios/build/Build/Products/Release-iphoneos/PitWall.swiftmodule/arm64-apple-ios.abi.json

Copy /Users/runner/work/Pitwall-test/Pitwall-test/ios/build/Build/Products/Release-iphoneos/PitWall.swiftmodule/Project/arm64-apple-ios.swiftsourceinfo /Users/runner/work/Pitwall-test/Pitwall-test/ios/build/Build/Intermediates.noindex/PitWall.build/Release-iphoneos/PitWall.build/Objects-normal/arm64/PitWall.swiftsourceinfo (in target 'PitWall' from project 'PitWall')
    cd /Users/runner/work/Pitwall-test/Pitwall-test/ios
    builtin-copy -exclude .DS_Store -exclude CVS -exclude .svn -exclude .git -exclude .hg -resolve-src-symlinks -rename /Users/runner/work/Pitwall-test/Pitwall-test/ios/build/Build/Intermediates.noindex/PitWall.build/Release-iphoneos/PitWall.build/Objects-normal/arm64/PitWall.swiftsourceinfo /Users/runner/work/Pitwall-test/Pitwall-test/ios/build/Build/Products/Release-iphoneos/PitWall.swiftmodule/Project/arm64-apple-ios.swiftsourceinfo

Ld /Users/runner/work/Pitwall-test/Pitwall-test/ios/build/Build/Products/Release-iphoneos/PitWall.app/PitWall normal (in target 'PitWall' from project 'PitWall')
    cd /Users/runner/work/Pitwall-test/Pitwall-test/ios
    /Applications/Xcode_16.4.app/Contents/Developer/Toolchains/XcodeDefault.xctoolchain/usr/bin/clang -Xlinker -reproducible -target arm64-apple-ios15.0 -isysroot /Applications/Xcode_16.4.app/Contents/Developer/Platforms/iPhoneOS.platform/Developer/SDKs/iPhoneOS18.5.sdk -Os -L/Users/runner/work/Pitwall-test/Pitwall-test/ios/build/Build/Intermediates.noindex/EagerLinkingTBDs/Release-iphoneos -L/Users/runner/work/Pitwall-test/Pitwall-test/ios/build/Build/Products/Release-iphoneos -F/Users/runner/work/Pitwall-test/Pitwall-test/ios/build/Build/Intermediates.noindex/EagerLinkingTBDs/Release-iphoneos -F/Users/runner/work/Pitwall-test/Pitwall-test/ios/build/Build/Products/Release-iphoneos -filelist /Users/runner/work/Pitwall-test/Pitwall-test/ios/build/Build/Intermediates.noindex/PitWall.build/Release-iphoneos/PitWall.build/Objects-normal/arm64/PitWall.LinkFileList -Xlinker -rpath -Xlinker @executable_path/Frameworks -dead_strip -Xlinker -object_path_lto -Xlinker /Users/runner/work/Pitwall-test/Pitwall-test/ios/build/Build/Intermediates.noindex/PitWall.build/Release-iphoneos/PitWall.build/Objects-normal/arm64/PitWall_lto.o -Xlinker -dependency_info -Xlinker /Users/runner/work/Pitwall-test/Pitwall-test/ios/build/Build/Intermediates.noindex/PitWall.build/Release-iphoneos/PitWall.build/Objects-normal/arm64/PitWall_dependency_info.dat -fobjc-link-runtime -L/Applications/Xcode_16.4.app/Contents/Developer/Toolchains/XcodeDefault.xctoolchain/usr/lib/swift/iphoneos -L/usr/lib/swift -Xlinker -add_ast_path -Xlinker /Users/runner/work/Pitwall-test/Pitwall-test/ios/build/Build/Intermediates.noindex/PitWall.build/Release-iphoneos/PitWall.build/Objects-normal/arm64/PitWall.swiftmodule -o /Users/runner/work/Pitwall-test/Pitwall-test/ios/build/Build/Products/Release-iphoneos/PitWall.app/PitWall

LinkAssetCatalog /Users/runner/work/Pitwall-test/Pitwall-test/ios/PitWall/Assets.xcassets (in target 'PitWall' from project 'PitWall')
    cd /Users/runner/work/Pitwall-test/Pitwall-test/ios
    builtin-linkAssetCatalog --thinned /Users/runner/work/Pitwall-test/Pitwall-test/ios/build/Build/Intermediates.noindex/PitWall.build/Release-iphoneos/PitWall.build/assetcatalog_output/thinned --thinned-dependencies /Users/runner/work/Pitwall-test/Pitwall-test/ios/build/Build/Intermediates.noindex/PitWall.build/Release-iphoneos/PitWall.build/assetcatalog_dependencies_thinned --thinned-info-plist-content /Users/runner/work/Pitwall-test/Pitwall-test/ios/build/Build/Intermediates.noindex/PitWall.build/Release-iphoneos/PitWall.build/assetcatalog_generated_info.plist_thinned --unthinned /Users/runner/work/Pitwall-test/Pitwall-test/ios/build/Build/Intermediates.noindex/PitWall.build/Release-iphoneos/PitWall.build/assetcatalog_output/unthinned --unthinned-dependencies /Users/runner/work/Pitwall-test/Pitwall-test/ios/build/Build/Intermediates.noindex/PitWall.build/Release-iphoneos/PitWall.build/assetcatalog_dependencies_unthinned --unthinned-info-plist-content /Users/runner/work/Pitwall-test/Pitwall-test/ios/build/Build/Intermediates.noindex/PitWall.build/Release-iphoneos/PitWall.build/assetcatalog_generated_info.plist_unthinned --output /Users/runner/work/Pitwall-test/Pitwall-test/ios/build/Build/Products/Release-iphoneos/PitWall.app --plist-output /Users/runner/work/Pitwall-test/Pitwall-test/ios/build/Build/Intermediates.noindex/PitWall.build/Release-iphoneos/PitWall.build/assetcatalog_generated_info.plist
note: Emplaced /Users/runner/work/Pitwall-test/Pitwall-test/ios/build/Build/Products/Release-iphoneos/PitWall.app/AppIcon76x76@2x~ipad.png (in target 'PitWall' from project 'PitWall')
note: Emplaced /Users/runner/work/Pitwall-test/Pitwall-test/ios/build/Build/Products/Release-iphoneos/PitWall.app/AppIcon60x60@2x.png (in target 'PitWall' from project 'PitWall')
note: Emplaced /Users/runner/work/Pitwall-test/Pitwall-test/ios/build/Build/Products/Release-iphoneos/PitWall.app/Assets.car (in target 'PitWall' from project 'PitWall')

Copy /Users/runner/work/Pitwall-test/Pitwall-test/ios/build/Build/Products/Release-iphoneos/PitWall.app/PlugIns/PitlaneWidget.appex /Users/runner/work/Pitwall-test/Pitwall-test/ios/build/Build/Products/Release-iphoneos/PitlaneWidget.appex (in target 'PitWall' from project 'PitWall')
    cd /Users/runner/work/Pitwall-test/Pitwall-test/ios
    builtin-copy -exclude .DS_Store -exclude CVS -exclude .svn -exclude .git -exclude .hg -exclude Headers -exclude PrivateHeaders -exclude Modules -exclude \*.tbd -resolve-src-symlinks -remove-static-executable /Users/runner/work/Pitwall-test/Pitwall-test/ios/build/Build/Products/Release-iphoneos/PitlaneWidget.appex /Users/runner/work/Pitwall-test/Pitwall-test/ios/build/Build/Products/Release-iphoneos/PitWall.app/PlugIns

ProcessInfoPlistFile /Users/runner/work/Pitwall-test/Pitwall-test/ios/build/Build/Products/Release-iphoneos/PitWall.app/Info.plist /Users/runner/work/Pitwall-test/Pitwall-test/ios/PitWall/Info.plist (in target 'PitWall' from project 'PitWall')
    cd /Users/runner/work/Pitwall-test/Pitwall-test/ios
    builtin-infoPlistUtility /Users/runner/work/Pitwall-test/Pitwall-test/ios/PitWall/Info.plist -producttype com.apple.product-type.application -genpkginfo /Users/runner/work/Pitwall-test/Pitwall-test/ios/build/Build/Products/Release-iphoneos/PitWall.app/PkgInfo -expandbuildsettings -format binary -platform iphoneos -additionalcontentfile /Users/runner/work/Pitwall-test/Pitwall-test/ios/build/Build/Intermediates.noindex/PitWall.build/Release-iphoneos/PitWall.build/assetcatalog_generated_info.plist -scanforprivacyfile /Users/runner/work/Pitwall-test/Pitwall-test/ios/build/Build/Products/Release-iphoneos/PitWall.app/PlugIns/PitlaneWidget.appex -requiredArchitecture arm64 -o /Users/runner/work/Pitwall-test/Pitwall-test/ios/build/Build/Products/Release-iphoneos/PitWall.app/Info.plist

ExtractAppIntentsMetadata (in target 'PitWall' from project 'PitWall')
    cd /Users/runner/work/Pitwall-test/Pitwall-test/ios
    /Applications/Xcode_16.4.app/Contents/Developer/Toolchains/XcodeDefault.xctoolchain/usr/bin/appintentsmetadataprocessor --toolchain-dir /Applications/Xcode_16.4.app/Contents/Developer/Toolchains/XcodeDefault.xctoolchain --module-name PitWall --sdk-root /Applications/Xcode_16.4.app/Contents/Developer/Platforms/iPhoneOS.platform/Developer/SDKs/iPhoneOS18.5.sdk --xcode-version 16F6 --platform-family iOS --deployment-target 15.0 --bundle-identifier com.pitwall.app --output /Users/runner/work/Pitwall-test/Pitwall-test/ios/build/Build/Products/Release-iphoneos/PitWall.app --target-triple arm64-apple-ios15.0 --binary-file /Users/runner/work/Pitwall-test/Pitwall-test/ios/build/Build/Products/Release-iphoneos/PitWall.app/PitWall --dependency-file /Users/runner/work/Pitwall-test/Pitwall-test/ios/build/Build/Intermediates.noindex/PitWall.build/Release-iphoneos/PitWall.build/Objects-normal/arm64/PitWall_dependency_info.dat --stringsdata-file /Users/runner/work/Pitwall-test/Pitwall-test/ios/build/Build/Intermediates.noindex/PitWall.build/Release-iphoneos/PitWall.build/Objects-normal/arm64/ExtractedAppShortcutsMetadata.stringsdata --source-file-list /Users/runner/work/Pitwall-test/Pitwall-test/ios/build/Build/Intermediates.noindex/PitWall.build/Release-iphoneos/PitWall.build/Objects-normal/arm64/PitWall.SwiftFileList --metadata-file-list /Users/runner/work/Pitwall-test/Pitwall-test/ios/build/Build/Intermediates.noindex/PitWall.build/Release-iphoneos/PitWall.build/PitWall.DependencyMetadataFileList --static-metadata-file-list /Users/runner/work/Pitwall-test/Pitwall-test/ios/build/Build/Intermediates.noindex/PitWall.build/Release-iphoneos/PitWall.build/PitWall.DependencyStaticMetadataFileList --swift-const-vals-list /Users/runner/work/Pitwall-test/Pitwall-test/ios/build/Build/Intermediates.noindex/PitWall.build/Release-iphoneos/PitWall.build/Objects-normal/arm64/PitWall.SwiftConstValuesFileList --compile-time-extraction --deployment-aware-processing --validate-assistant-intents --no-app-shortcuts-localization
2026-10-06 13:16:51.087 appintentsmetadataprocessor[1978:9166] Starting appintentsmetadataprocessor export
2026-10-06 13:16:51.164 appintentsmetadataprocessor[1978:9166] Extracted no relevant App Intents symbols, skipping writing output

CopySwiftLibs /Users/runner/work/Pitwall-test/Pitwall-test/ios/build/Build/Products/Release-iphoneos/PitWall.app (in target 'PitWall' from project 'PitWall')
    cd /Users/runner/work/Pitwall-test/Pitwall-test/ios
    builtin-swiftStdLibTool --copy --verbose --scan-executable /Users/runner/work/Pitwall-test/Pitwall-test/ios/build/Build/Products/Release-iphoneos/PitWall.app/PitWall --scan-folder /Users/runner/work/Pitwall-test/Pitwall-test/ios/build/Build/Products/Release-iphoneos/PitWall.app/Frameworks --scan-folder /Users/runner/work/Pitwall-test/Pitwall-test/ios/build/Build/Products/Release-iphoneos/PitWall.app/PlugIns --scan-folder /Users/runner/work/Pitwall-test/Pitwall-test/ios/build/Build/Products/Release-iphoneos/PitWall.app/SystemExtensions --scan-folder /Users/runner/work/Pitwall-test/Pitwall-test/ios/build/Build/Products/Release-iphoneos/PitWall.app/Extensions --platform iphoneos --toolchain /Applications/Xcode_16.4.app/Contents/Developer/Toolchains/XcodeDefault.xctoolchain --destination /Users/runner/work/Pitwall-test/Pitwall-test/ios/build/Build/Products/Release-iphoneos/PitWall.app/Frameworks --strip-bitcode --strip-bitcode-tool /Applications/Xcode_16.4.app/Contents/Developer/Toolchains/XcodeDefault.xctoolchain/usr/bin/bitcode_strip --emit-dependency-info /Users/runner/work/Pitwall-test/Pitwall-test/ios/build/Build/Intermediates.noindex/PitWall.build/Release-iphoneos/PitWall.build/SwiftStdLibToolInputDependencies.dep --filter-for-swift-os
Ignoring --strip-bitcode because --sign was not passed

ValidateEmbeddedBinary /Users/runner/work/Pitwall-test/Pitwall-test/ios/build/Build/Products/Release-iphoneos/PitWall.app/PlugIns/PitlaneWidget.appex (in target 'PitWall' from project 'PitWall')
    cd /Users/runner/work/Pitwall-test/Pitwall-test/ios
    /Applications/Xcode_16.4.app/Contents/Developer/usr/bin/embeddedBinaryValidationUtility /Users/runner/work/Pitwall-test/Pitwall-test/ios/build/Build/Products/Release-iphoneos/PitWall.app/PlugIns/PitlaneWidget.appex -info-plist-path /Users/runner/work/Pitwall-test/Pitwall-test/ios/build/Build/Products/Release-iphoneos/PitWall.app/Info.plist

GenerateDSYMFile /Users/runner/work/Pitwall-test/Pitwall-test/ios/build/Build/Products/Release-iphoneos/PitWall.app.dSYM /Users/runner/work/Pitwall-test/Pitwall-test/ios/build/Build/Products/Release-iphoneos/PitWall.app/PitWall (in target 'PitWall' from project 'PitWall')
    cd /Users/runner/work/Pitwall-test/Pitwall-test/ios
    /Applications/Xcode_16.4.app/Contents/Developer/Toolchains/XcodeDefault.xctoolchain/usr/bin/dsymutil /Users/runner/work/Pitwall-test/Pitwall-test/ios/build/Build/Products/Release-iphoneos/PitWall.app/PitWall -o /Users/runner/work/Pitwall-test/Pitwall-test/ios/build/Build/Products/Release-iphoneos/PitWall.app.dSYM

AppIntentsSSUTraining (in target 'PitWall' from project 'PitWall')
    cd /Users/runner/work/Pitwall-test/Pitwall-test/ios
    /Applications/Xcode_16.4.app/Contents/Developer/Toolchains/XcodeDefault.xctoolchain/usr/bin/appintentsnltrainingprocessor --infoplist-path /Users/runner/work/Pitwall-test/Pitwall-test/ios/build/Build/Products/Release-iphoneos/PitWall.app/Info.plist --temp-dir-path /Users/runner/work/Pitwall-test/Pitwall-test/ios/build/Build/Intermediates.noindex/PitWall.build/Release-iphoneos/PitWall.build/ssu --bundle-id com.pitwall.app --product-path /Users/runner/work/Pitwall-test/Pitwall-test/ios/build/Build/Products/Release-iphoneos/PitWall.app --extracted-metadata-path /Users/runner/work/Pitwall-test/Pitwall-test/ios/build/Build/Products/Release-iphoneos/PitWall.app/Metadata.appintents --metadata-file-list /Users/runner/work/Pitwall-test/Pitwall-test/ios/build/Build/Intermediates.noindex/PitWall.build/Release-iphoneos/PitWall.build/PitWall.DependencyMetadataFileList --archive-ssu-assets
2026-10-06 13:16:51.251 appintentsnltrainingprocessor[1984:9182] Parsing options for appintentsnltrainingprocessor
2026-10-06 13:16:51.252 appintentsnltrainingprocessor[1984:9182] No AppShortcuts found - Skipping.

RegisterExecutionPolicyException /Users/runner/work/Pitwall-test/Pitwall-test/ios/build/Build/Products/Release-iphoneos/PitWall.app (in target 'PitWall' from project 'PitWall')
    cd /Users/runner/work/Pitwall-test/Pitwall-test/ios
    builtin-RegisterExecutionPolicyException /Users/runner/work/Pitwall-test/Pitwall-test/ios/build/Build/Products/Release-iphoneos/PitWall.app

Validate /Users/runner/work/Pitwall-test/Pitwall-test/ios/build/Build/Products/Release-iphoneos/PitWall.app (in target 'PitWall' from project 'PitWall')
    cd /Users/runner/work/Pitwall-test/Pitwall-test/ios
    builtin-validationUtility /Users/runner/work/Pitwall-test/Pitwall-test/ios/build/Build/Products/Release-iphoneos/PitWall.app -infoplist-subpath Info.plist

Touch /Users/runner/work/Pitwall-test/Pitwall-test/ios/build/Build/Products/Release-iphoneos/PitWall.app (in target 'PitWall' from project 'PitWall')
    cd /Users/runner/work/Pitwall-test/Pitwall-test/ios
    /usr/bin/touch -c /Users/runner/work/Pitwall-test/Pitwall-test/ios/build/Build/Products/Release-iphoneos/PitWall.app

note: Disabling previews because SWIFT_VERSION is set and SWIFT_OPTIMIZATION_LEVEL=-O, expected -Onone (in target 'PitlaneWidget' from project 'PitWall')
note: Disabling previews because SWIFT_VERSION is set and SWIFT_OPTIMIZATION_LEVEL=-O, expected -Onone (in target 'PitWall' from project 'PitWall')
** BUILD SUCCEEDED **

